Product: MDK-ARM Professional 5.10
Component: ARM Compiler 5.04 update 1 (build 49)
Tool: armlink [5040049]

==============================================================================

Section Cross References

    startup_hs100.o(STACK) refers (Special) to heapauxi.o(.text) for __use_two_region_memory
    startup_hs100.o(HEAP) refers (Special) to heapauxi.o(.text) for __use_two_region_memory
    startup_hs100.o(RESET) refers (Special) to heapauxi.o(.text) for __use_two_region_memory
    startup_hs100.o(RESET) refers to startup_hs100.o(STACK) for __initial_sp
    startup_hs100.o(RESET) refers to startup_hs100.o(.text) for Reset_Handler
    startup_hs100.o(RESET) refers to hs_dsp.o(.text) for DSP1_IRQHandler
    startup_hs100.o(RESET) refers to ov2281_driver.o(.text) for DSP2_IRQHandler
    startup_hs100.o(RESET) refers to i2c0_driver.o(.text) for I2C0_IRQHandler
    startup_hs100.o(RESET) refers to i2c1_driver.o(.text) for I2C1_IRQHandler
    startup_hs100.o(RESET) refers to uart_driver.o(.text) for UART0_IRQHandler
    startup_hs100.o(RESET) refers to spi0_driver.o(.text) for SPI0_IRQHandler
    startup_hs100.o(RESET) refers to gpio_driver.o(.text) for GPIO0_IRQHandler
    startup_hs100.o(.text) refers (Special) to heapauxi.o(.text) for __use_two_region_memory
    startup_hs100.o(.text) refers to system_iris.o(.text) for SystemInit
    startup_hs100.o(.text) refers to __main.o(!!!main) for __main
    startup_hs100.o(.text) refers to startup_hs100.o(HEAP) for Heap_Mem
    startup_hs100.o(.text) refers to startup_hs100.o(STACK) for Stack_Mem
    uart_driver.o(.text) refers to uart_driver.o(i.__ARM_common_switch8) for __ARM_common_switch8
    uart_driver.o(.text) refers to uart_driver.o(.bss) for RxBuff
    uart_driver.o(.text) refers to uart_driver.o(.data) for RX_NUM
    ar0237_driver.o(.text) refers to sys.o(.text) for delay
    ar0237_driver.o(.text) refers to i2c1_driver.o(.text) for i2c1_wr_data
    i2c0_driver.o(.text) refers to protocol.o(.bss) for Ack
    i2c0_driver.o(.text) refers to uart_driver.o(.bss) for RxBuff
    i2c0_driver.o(.text) refers to uart_driver.o(.data) for RX_NUM
    spi0_driver.o(.text) refers to uart_driver.o(.bss) for RxBuff
    spi0_driver.o(.text) refers to uart_driver.o(.data) for RX_NUM
    pll_driver.o(.text) refers to sys.o(.text) for delay
    i2c1_driver.o(.text) refers to sys.o(.text) for delay
    i2c1_driver.o(.text) refers to i2c1_driver.o(.data) for data1
    ov2281_driver.o(.text) refers to sys.o(.text) for delay
    ov2281_driver.o(.text) refers to i2c1_driver.o(.text) for i2c1_wr_8data
    ov2281_driver.o(.text) refers to ov2281_driver.o(.data) for SensorReady
    main.o(.text) refers to pll_driver.o(.text) for pll_init
    main.o(.text) refers to i2c1_driver.o(.text) for i2c1_init
    main.o(.text) refers to mipi_csi0_driver.o(.text) for mipi_csi0_init
    main.o(.text) refers to ov2281_driver.o(.text) for ov2281_init
    main.o(.text) refers to i2c0_driver.o(.text) for i2c0_init
    main.o(.text) refers to protocol.o(.text) for hs_protocol
    hs_dsp.o(.text) refers to sys.o(.text) for delay
    protocol.o(.text) refers to rt_memcpy.o(.text) for __aeabi_memcpy
    protocol.o(.text) refers to hs_dsp.o(.text) for IrisDownloadTemp
    protocol.o(.text) refers to sys.o(.text) for CalCRC8
    protocol.o(.text) refers to gpio_driver.o(.text) for GPIO_Init
    protocol.o(.text) refers to uart_driver.o(.data) for gRxFlag
    protocol.o(.text) refers to uart_driver.o(.bss) for RxBuff
    protocol.o(.text) refers to protocol.o(.data) for CmdType
    protocol.o(.text) refers to protocol.o(.bss) for Ack
    protocol.o(.text) refers to i2c1_driver.o(.text) for i2c1_wr_data
    protocol.o(.text) refers to rt_memclr.o(.text) for __aeabi_memclr
    rt_memcpy.o(.text) refers to rt_memcpy.o(.emb_text) for __aeabi_memcpy4
    __main.o(!!!main) refers to rtentry.o(.ARM.Collect$$rtentry$$00000000) for __rt_entry
    rtentry.o(.ARM.Collect$$rtentry$$00000000) refers (Special) to rtentry2.o(.ARM.Collect$$rtentry$$0000000A) for __rt_entry_li
    rtentry.o(.ARM.Collect$$rtentry$$00000000) refers (Special) to rtentry2.o(.ARM.Collect$$rtentry$$0000000D) for __rt_entry_main
    rtentry.o(.ARM.Collect$$rtentry$$00000000) refers (Special) to rtentry2.o(.ARM.Collect$$rtentry$$0000000C) for __rt_entry_postli_1
    rtentry.o(.ARM.Collect$$rtentry$$00000000) refers (Special) to rtentry2.o(.ARM.Collect$$rtentry$$00000009) for __rt_entry_postsh_1
    rtentry.o(.ARM.Collect$$rtentry$$00000000) refers (Special) to rtentry2.o(.ARM.Collect$$rtentry$$00000002) for __rt_entry_presh_1
    rtentry.o(.ARM.Collect$$rtentry$$00000000) refers (Special) to rtentry4.o(.ARM.Collect$$rtentry$$00000004) for __rt_entry_sh
    rtentry2.o(.ARM.Collect$$rtentry$$00000008) refers to boardinit2.o(.text) for _platform_post_stackheap_init
    rtentry2.o(.ARM.Collect$$rtentry$$0000000A) refers to libinit.o(.ARM.Collect$$libinit$$00000000) for __rt_lib_init
    rtentry2.o(.ARM.Collect$$rtentry$$0000000B) refers to boardinit3.o(.text) for _platform_post_lib_init
    rtentry2.o(.ARM.Collect$$rtentry$$0000000D) refers to main.o(.text) for main
    rtentry2.o(.ARM.Collect$$rtentry$$0000000D) refers to exit.o(.text) for exit
    rtentry2.o(.ARM.exidx) refers to rtentry2.o(.ARM.Collect$$rtentry$$00000001) for .ARM.Collect$$rtentry$$00000001
    rtentry2.o(.ARM.exidx) refers to rtentry2.o(.ARM.Collect$$rtentry$$00000008) for .ARM.Collect$$rtentry$$00000008
    rtentry2.o(.ARM.exidx) refers to rtentry2.o(.ARM.Collect$$rtentry$$0000000A) for .ARM.Collect$$rtentry$$0000000A
    rtentry2.o(.ARM.exidx) refers to rtentry2.o(.ARM.Collect$$rtentry$$0000000B) for .ARM.Collect$$rtentry$$0000000B
    rtentry2.o(.ARM.exidx) refers to rtentry2.o(.ARM.Collect$$rtentry$$0000000D) for .ARM.Collect$$rtentry$$0000000D
    rtentry4.o(.ARM.Collect$$rtentry$$00000004) refers to sys_stackheap_outer.o(.text) for __user_setup_stackheap
    rtentry4.o(.ARM.exidx) refers to rtentry4.o(.ARM.Collect$$rtentry$$00000004) for .ARM.Collect$$rtentry$$00000004
    sys_stackheap_outer.o(.text) refers to libspace.o(.text) for __user_perproc_libspace
    sys_stackheap_outer.o(.text) refers to startup_hs100.o(.text) for __user_initial_stackheap
    sys_stackheap_outer.o(__vectab_stack_and_reset_area) refers to tempstk.o(.text) for __temporary_stack_top
    sys_stackheap_outer.o(__vectab_stack_and_reset_area) refers to __main.o(!!!main) for __main
    exit.o(.text) refers to rtexit.o(.ARM.Collect$$rtexit$$00000000) for __rt_exit
    libinit.o(.ARM.Collect$$libinit$$00000000) refers (Special) to libinit2.o(.ARM.Collect$$libinit$$0000002C) for __rt_lib_init_alloca_1
    libinit.o(.ARM.Collect$$libinit$$00000000) refers (Special) to libinit2.o(.ARM.Collect$$libinit$$0000002A) for __rt_lib_init_argv_1
    libinit.o(.ARM.Collect$$libinit$$00000000) refers (Special) to libinit2.o(.ARM.Collect$$libinit$$00000019) for __rt_lib_init_atexit_1
    libinit.o(.ARM.Collect$$libinit$$00000000) refers (Special) to libinit2.o(.ARM.Collect$$libinit$$0000001F) for __rt_lib_init_clock_1
    libinit.o(.ARM.Collect$$libinit$$00000000) refers (Special) to libinit2.o(.ARM.Collect$$libinit$$00000030) for __rt_lib_init_cpp_1
    libinit.o(.ARM.Collect$$libinit$$00000000) refers (Special) to libinit2.o(.ARM.Collect$$libinit$$0000002E) for __rt_lib_init_exceptions_1
    libinit.o(.ARM.Collect$$libinit$$00000000) refers (Special) to libinit2.o(.ARM.Collect$$libinit$$00000001) for __rt_lib_init_fp_1
    libinit.o(.ARM.Collect$$libinit$$00000000) refers (Special) to libinit2.o(.ARM.Collect$$libinit$$0000001D) for __rt_lib_init_fp_trap_1
    libinit.o(.ARM.Collect$$libinit$$00000000) refers (Special) to libinit2.o(.ARM.Collect$$libinit$$00000021) for __rt_lib_init_getenv_1
    libinit.o(.ARM.Collect$$libinit$$00000000) refers (Special) to libinit2.o(.ARM.Collect$$libinit$$00000008) for __rt_lib_init_heap_1
    libinit.o(.ARM.Collect$$libinit$$00000000) refers (Special) to libinit2.o(.ARM.Collect$$libinit$$0000000F) for __rt_lib_init_lc_collate_1
    libinit.o(.ARM.Collect$$libinit$$00000000) refers (Special) to libinit2.o(.ARM.Collect$$libinit$$00000011) for __rt_lib_init_lc_ctype_1
    libinit.o(.ARM.Collect$$libinit$$00000000) refers (Special) to libinit2.o(.ARM.Collect$$libinit$$00000013) for __rt_lib_init_lc_monetary_1
    libinit.o(.ARM.Collect$$libinit$$00000000) refers (Special) to libinit2.o(.ARM.Collect$$libinit$$00000015) for __rt_lib_init_lc_numeric_1
    libinit.o(.ARM.Collect$$libinit$$00000000) refers (Special) to libinit2.o(.ARM.Collect$$libinit$$00000017) for __rt_lib_init_lc_time_1
    libinit.o(.ARM.Collect$$libinit$$00000000) refers (Special) to libinit2.o(.ARM.Collect$$libinit$$0000000C) for __rt_lib_init_rand_1
    libinit.o(.ARM.Collect$$libinit$$00000000) refers (Special) to libinit2.o(.ARM.Collect$$libinit$$00000031) for __rt_lib_init_return
    libinit.o(.ARM.Collect$$libinit$$00000000) refers (Special) to libinit2.o(.ARM.Collect$$libinit$$0000001B) for __rt_lib_init_signal_1
    libinit.o(.ARM.Collect$$libinit$$00000000) refers (Special) to libinit2.o(.ARM.Collect$$libinit$$00000023) for __rt_lib_init_stdio_1
    libinit.o(.ARM.Collect$$libinit$$00000000) refers (Special) to libinit2.o(.ARM.Collect$$libinit$$0000000A) for __rt_lib_init_user_alloc_1
    libspace.o(.text) refers to libspace.o(.bss) for __libspace_start
    rtexit.o(.ARM.Collect$$rtexit$$00000000) refers (Special) to rtexit2.o(.ARM.Collect$$rtexit$$00000004) for __rt_exit_exit
    rtexit.o(.ARM.Collect$$rtexit$$00000000) refers (Special) to rtexit2.o(.ARM.Collect$$rtexit$$00000003) for __rt_exit_ls
    rtexit.o(.ARM.Collect$$rtexit$$00000000) refers (Special) to rtexit2.o(.ARM.Collect$$rtexit$$00000002) for __rt_exit_prels_1
    rtexit.o(.ARM.exidx) refers (Special) to rtexit2.o(.ARM.Collect$$rtexit$$00000004) for __rt_exit_exit
    rtexit.o(.ARM.exidx) refers (Special) to rtexit2.o(.ARM.Collect$$rtexit$$00000003) for __rt_exit_ls
    rtexit.o(.ARM.exidx) refers (Special) to rtexit2.o(.ARM.Collect$$rtexit$$00000002) for __rt_exit_prels_1
    rtexit.o(.ARM.exidx) refers to rtexit.o(.ARM.Collect$$rtexit$$00000000) for .ARM.Collect$$rtexit$$00000000
    libinit2.o(.ARM.Collect$$libinit$$0000000E) refers to libinit2.o(.ARM.Collect$$libinit$$0000000D) for .ARM.Collect$$libinit$$0000000D
    libinit2.o(.ARM.Collect$$libinit$$00000010) refers to libinit2.o(.ARM.Collect$$libinit$$0000000D) for .ARM.Collect$$libinit$$0000000D
    libinit2.o(.ARM.Collect$$libinit$$00000012) refers to libinit2.o(.ARM.Collect$$libinit$$0000000D) for .ARM.Collect$$libinit$$0000000D
    libinit2.o(.ARM.Collect$$libinit$$00000014) refers to libinit2.o(.ARM.Collect$$libinit$$0000000D) for .ARM.Collect$$libinit$$0000000D
    libinit2.o(.ARM.Collect$$libinit$$00000016) refers to libinit2.o(.ARM.Collect$$libinit$$0000000D) for .ARM.Collect$$libinit$$0000000D
    libinit2.o(.ARM.Collect$$libinit$$00000024) refers to argv_veneer.o(.text) for __ARM_argv_veneer
    libinit2.o(.ARM.Collect$$libinit$$00000025) refers to argv_veneer.o(.text) for __ARM_argv_veneer
    rtexit2.o(.ARM.Collect$$rtexit$$00000003) refers to libshutdown.o(.ARM.Collect$$libshutdown$$00000000) for __rt_lib_shutdown
    rtexit2.o(.ARM.Collect$$rtexit$$00000004) refers to sys_exit.o(.text) for _sys_exit
    rtexit2.o(.ARM.exidx) refers to rtexit2.o(.ARM.Collect$$rtexit$$00000001) for .ARM.Collect$$rtexit$$00000001
    rtexit2.o(.ARM.exidx) refers to rtexit2.o(.ARM.Collect$$rtexit$$00000003) for .ARM.Collect$$rtexit$$00000003
    rtexit2.o(.ARM.exidx) refers to rtexit2.o(.ARM.Collect$$rtexit$$00000004) for .ARM.Collect$$rtexit$$00000004
    sys_exit.o(.text) refers (Special) to use_no_semi.o(.text) for __I$use$semihosting
    sys_exit.o(.text) refers (Special) to indicate_semi.o(.text) for __semihosting_library_function
    _get_argv_nomalloc.o(.text) refers (Special) to hrguard.o(.text) for __heap_region$guard
    _get_argv_nomalloc.o(.text) refers to defsig_rtmem_outer.o(.text) for __rt_SIGRTMEM
    _get_argv_nomalloc.o(.text) refers to sys_command.o(.text) for _sys_command_string
    libshutdown.o(.ARM.Collect$$libshutdown$$00000000) refers (Special) to libshutdown2.o(.ARM.Collect$$libshutdown$$00000006) for __rt_lib_shutdown_fp_trap_1
    libshutdown.o(.ARM.Collect$$libshutdown$$00000000) refers (Special) to libshutdown2.o(.ARM.Collect$$libshutdown$$0000000E) for __rt_lib_shutdown_heap_1
    libshutdown.o(.ARM.Collect$$libshutdown$$00000000) refers (Special) to libshutdown2.o(.ARM.Collect$$libshutdown$$0000000F) for __rt_lib_shutdown_return
    libshutdown.o(.ARM.Collect$$libshutdown$$00000000) refers (Special) to libshutdown2.o(.ARM.Collect$$libshutdown$$00000009) for __rt_lib_shutdown_signal_1
    libshutdown.o(.ARM.Collect$$libshutdown$$00000000) refers (Special) to libshutdown2.o(.ARM.Collect$$libshutdown$$00000003) for __rt_lib_shutdown_stdio_1
    libshutdown.o(.ARM.Collect$$libshutdown$$00000000) refers (Special) to libshutdown2.o(.ARM.Collect$$libshutdown$$0000000B) for __rt_lib_shutdown_user_alloc_1
    sys_command.o(.text) refers (Special) to use_no_semi.o(.text) for __I$use$semihosting
    sys_command.o(.text) refers (Special) to indicate_semi.o(.text) for __semihosting_library_function
    defsig_rtmem_outer.o(.text) refers to defsig_rtmem_inner.o(.text) for __rt_SIGRTMEM_inner
    defsig_rtmem_outer.o(.text) refers to defsig_exit.o(.text) for __sig_exit
    defsig_rtmem_formal.o(.text) refers to rt_raise.o(.text) for __rt_raise
    rt_raise.o(.text) refers to __raise.o(.text) for __raise
    rt_raise.o(.text) refers to sys_exit.o(.text) for _sys_exit
    defsig_exit.o(.text) refers to sys_exit.o(.text) for _sys_exit
    defsig_rtmem_inner.o(.text) refers to defsig_general.o(.text) for __default_signal_display
    __raise.o(.text) refers to defsig.o(CL$$defsig) for __default_signal_handler
    defsig_general.o(.text) refers to sys_wrch.o(.text) for _ttywrch
    sys_wrch.o(.text) refers (Special) to use_no_semi.o(.text) for __I$use$semihosting
    sys_wrch.o(.text) refers (Special) to indicate_semi.o(.text) for __semihosting_library_function
    defsig.o(CL$$defsig) refers to defsig_rtmem_inner.o(.text) for __rt_SIGRTMEM_inner
    defsig_abrt_inner.o(.text) refers to defsig_general.o(.text) for __default_signal_display
    defsig_fpe_inner.o(.text) refers to defsig_general.o(.text) for __default_signal_display
    defsig_rtred_inner.o(.text) refers to defsig_general.o(.text) for __default_signal_display
    defsig_stak_inner.o(.text) refers to defsig_general.o(.text) for __default_signal_display
    defsig_pvfn_inner.o(.text) refers to defsig_general.o(.text) for __default_signal_display
    defsig_cppl_inner.o(.text) refers to defsig_general.o(.text) for __default_signal_display
    defsig_segv_inner.o(.text) refers to defsig_general.o(.text) for __default_signal_display
    defsig_other.o(.text) refers to defsig_general.o(.text) for __default_signal_display


==============================================================================

Removing Unused input sections from the image.

    Removing ar0237_driver.o(.text), (2932 bytes).
    Removing main.o(.data), (1 bytes).

2 unused section(s) (total 2933 bytes) removed from the image.

==============================================================================

Image Symbol Table

    Local Symbols

    Symbol Name                              Value     Ov Type        Size  Object(Section)

    ../clib/angel/boardlib.s                 0x00000000   Number         0  boardinit3.o ABSOLUTE
    ../clib/angel/boardlib.s                 0x00000000   Number         0  boardinit2.o ABSOLUTE
    ../clib/angel/boardlib.s                 0x00000000   Number         0  boardinit1.o ABSOLUTE
    ../clib/angel/boardlib.s                 0x00000000   Number         0  boardshut.o ABSOLUTE
    ../clib/angel/handlers.s                 0x00000000   Number         0  __scatter_zi.o ABSOLUTE
    ../clib/angel/handlers.s                 0x00000000   Number         0  __scatter_copy.o ABSOLUTE
    ../clib/angel/kernel.s                   0x00000000   Number         0  rtexit.o ABSOLUTE
    ../clib/angel/kernel.s                   0x00000000   Number         0  rtexit2.o ABSOLUTE
    ../clib/angel/kernel.s                   0x00000000   Number         0  rtentry4.o ABSOLUTE
    ../clib/angel/kernel.s                   0x00000000   Number         0  rtentry2.o ABSOLUTE
    ../clib/angel/kernel.s                   0x00000000   Number         0  rtentry.o ABSOLUTE
    ../clib/angel/rt.s                       0x00000000   Number         0  rt_raise.o ABSOLUTE
    ../clib/angel/scatterp.s                 0x00000000   Number         0  __scatter.o ABSOLUTE
    ../clib/angel/startup.s                  0x00000000   Number         0  __main.o ABSOLUTE
    ../clib/angel/sys.s                      0x00000000   Number         0  use_no_semi.o ABSOLUTE
    ../clib/angel/sys.s                      0x00000000   Number         0  indicate_semi.o ABSOLUTE
    ../clib/angel/sys.s                      0x00000000   Number         0  libspace.o ABSOLUTE
    ../clib/angel/sys.s                      0x00000000   Number         0  tempstk.o ABSOLUTE
    ../clib/angel/sys.s                      0x00000000   Number         0  sys_stackheap_outer.o ABSOLUTE
    ../clib/angel/sysapp.c                   0x00000000   Number         0  sys_exit.o ABSOLUTE
    ../clib/angel/sysapp.c                   0x00000000   Number         0  sys_wrch.o ABSOLUTE
    ../clib/angel/sysapp.c                   0x00000000   Number         0  sys_command.o ABSOLUTE
    ../clib/armsys.c                         0x00000000   Number         0  _get_argv_nomalloc.o ABSOLUTE
    ../clib/armsys.c                         0x00000000   Number         0  no_argv.o ABSOLUTE
    ../clib/armsys.c                         0x00000000   Number         0  argv_veneer.o ABSOLUTE
    ../clib/heapalloc.c                      0x00000000   Number         0  hrguard.o ABSOLUTE
    ../clib/heapaux.c                        0x00000000   Number         0  heapauxi.o ABSOLUTE
    ../clib/libinit.s                        0x00000000   Number         0  libshutdown.o ABSOLUTE
    ../clib/libinit.s                        0x00000000   Number         0  libshutdown2.o ABSOLUTE
    ../clib/libinit.s                        0x00000000   Number         0  libinit.o ABSOLUTE
    ../clib/libinit.s                        0x00000000   Number         0  libinit2.o ABSOLUTE
    ../clib/memcpset.c                       0x00000000   Number         0  rt_memclr.o ABSOLUTE
    ../clib/memcpset.c                       0x00000000   Number         0  rt_memcpy.o ABSOLUTE
    ../clib/memcpset.c                       0x00000000   Number         0  rt_memcpy.o ABSOLUTE
    ../clib/signal.c                         0x00000000   Number         0  defsig_stak_inner.o ABSOLUTE
    ../clib/signal.c                         0x00000000   Number         0  defsig_rtred_inner.o ABSOLUTE
    ../clib/signal.c                         0x00000000   Number         0  defsig_rtmem_formal.o ABSOLUTE
    ../clib/signal.c                         0x00000000   Number         0  defsig_rtmem_outer.o ABSOLUTE
    ../clib/signal.c                         0x00000000   Number         0  defsig_exit.o ABSOLUTE
    ../clib/signal.c                         0x00000000   Number         0  defsig_fpe_inner.o ABSOLUTE
    ../clib/signal.c                         0x00000000   Number         0  __raise.o ABSOLUTE
    ../clib/signal.c                         0x00000000   Number         0  defsig_abrt_inner.o ABSOLUTE
    ../clib/signal.c                         0x00000000   Number         0  defsig_general.o ABSOLUTE
    ../clib/signal.c                         0x00000000   Number         0  defsig_rtmem_inner.o ABSOLUTE
    ../clib/signal.c                         0x00000000   Number         0  defsig_pvfn_inner.o ABSOLUTE
    ../clib/signal.c                         0x00000000   Number         0  defsig_cppl_inner.o ABSOLUTE
    ../clib/signal.c                         0x00000000   Number         0  defsig_segv_inner.o ABSOLUTE
    ../clib/signal.c                         0x00000000   Number         0  defsig_other.o ABSOLUTE
    ../clib/signal.s                         0x00000000   Number         0  defsig.o ABSOLUTE
    ../clib/stdlib.c                         0x00000000   Number         0  exit.o ABSOLUTE
    ../fplib/cfplib/fpinit.c                 0x00000000   Number         0  fpinit.o ABSOLUTE
    ..\driver\ar0237_driver.c                0x00000000   Number         0  ar0237_driver.o ABSOLUTE
    ..\driver\gpio_driver.c                  0x00000000   Number         0  gpio_driver.o ABSOLUTE
    ..\driver\i2c0_driver.c                  0x00000000   Number         0  i2c0_driver.o ABSOLUTE
    ..\driver\i2c1_driver.c                  0x00000000   Number         0  i2c1_driver.o ABSOLUTE
    ..\driver\mipi_csi0_driver.c             0x00000000   Number         0  mipi_csi0_driver.o ABSOLUTE
    ..\driver\ov2281_driver.c                0x00000000   Number         0  ov2281_driver.o ABSOLUTE
    ..\driver\pll_driver.c                   0x00000000   Number         0  pll_driver.o ABSOLUTE
    ..\driver\spi0_driver.c                  0x00000000   Number         0  spi0_driver.o ABSOLUTE
    ..\driver\sys.c                          0x00000000   Number         0  sys.o ABSOLUTE
    ..\driver\uart_driver.c                  0x00000000   Number         0  uart_driver.o ABSOLUTE
    ..\startup\startup_hs100.s               0x00000000   Number         0  startup_hs100.o ABSOLUTE
    ..\startup\system_iris.c                 0x00000000   Number         0  system_iris.o ABSOLUTE
    ..\user\hs_dsp.c                         0x00000000   Number         0  hs_dsp.o ABSOLUTE
    ..\user\main.c                           0x00000000   Number         0  main.o ABSOLUTE
    ..\user\protocol.c                       0x00000000   Number         0  protocol.o ABSOLUTE
    dc.s                                     0x00000000   Number         0  dc.o ABSOLUTE
    RESET                                    0x20000000   Section      176  startup_hs100.o(RESET)
    !!!main                                  0x200000b0   Section        8  __main.o(!!!main)
    !!!scatter                               0x200000b8   Section       60  __scatter.o(!!!scatter)
    !!handler_copy                           0x200000f4   Section       26  __scatter_copy.o(!!handler_copy)
    !!handler_zi                             0x20000110   Section       28  __scatter_zi.o(!!handler_zi)
    .ARM.Collect$$libinit$$00000000          0x2000012c   Section        2  libinit.o(.ARM.Collect$$libinit$$00000000)
    .ARM.Collect$$libinit$$00000001          0x2000012e   Section        4  libinit2.o(.ARM.Collect$$libinit$$00000001)
    .ARM.Collect$$libinit$$00000008          0x20000132   Section        0  libinit2.o(.ARM.Collect$$libinit$$00000008)
    .ARM.Collect$$libinit$$0000000A          0x20000132   Section        0  libinit2.o(.ARM.Collect$$libinit$$0000000A)
    .ARM.Collect$$libinit$$0000000C          0x20000132   Section        0  libinit2.o(.ARM.Collect$$libinit$$0000000C)
    .ARM.Collect$$libinit$$0000000F          0x20000132   Section        0  libinit2.o(.ARM.Collect$$libinit$$0000000F)
    .ARM.Collect$$libinit$$00000011          0x20000132   Section        0  libinit2.o(.ARM.Collect$$libinit$$00000011)
    .ARM.Collect$$libinit$$00000013          0x20000132   Section        0  libinit2.o(.ARM.Collect$$libinit$$00000013)
    .ARM.Collect$$libinit$$00000015          0x20000132   Section        0  libinit2.o(.ARM.Collect$$libinit$$00000015)
    .ARM.Collect$$libinit$$00000017          0x20000132   Section        0  libinit2.o(.ARM.Collect$$libinit$$00000017)
    .ARM.Collect$$libinit$$00000019          0x20000132   Section        0  libinit2.o(.ARM.Collect$$libinit$$00000019)
    .ARM.Collect$$libinit$$0000001B          0x20000132   Section        0  libinit2.o(.ARM.Collect$$libinit$$0000001B)
    .ARM.Collect$$libinit$$0000001D          0x20000132   Section        0  libinit2.o(.ARM.Collect$$libinit$$0000001D)
    .ARM.Collect$$libinit$$0000001F          0x20000132   Section        0  libinit2.o(.ARM.Collect$$libinit$$0000001F)
    .ARM.Collect$$libinit$$00000021          0x20000132   Section        0  libinit2.o(.ARM.Collect$$libinit$$00000021)
    .ARM.Collect$$libinit$$00000023          0x20000132   Section        0  libinit2.o(.ARM.Collect$$libinit$$00000023)
    .ARM.Collect$$libinit$$0000002A          0x20000132   Section        0  libinit2.o(.ARM.Collect$$libinit$$0000002A)
    .ARM.Collect$$libinit$$0000002C          0x20000132   Section        0  libinit2.o(.ARM.Collect$$libinit$$0000002C)
    .ARM.Collect$$libinit$$0000002E          0x20000132   Section        0  libinit2.o(.ARM.Collect$$libinit$$0000002E)
    .ARM.Collect$$libinit$$00000030          0x20000132   Section        0  libinit2.o(.ARM.Collect$$libinit$$00000030)
    .ARM.Collect$$libinit$$00000031          0x20000132   Section        2  libinit2.o(.ARM.Collect$$libinit$$00000031)
    .ARM.Collect$$libshutdown$$00000000      0x20000134   Section        2  libshutdown.o(.ARM.Collect$$libshutdown$$00000000)
    .ARM.Collect$$libshutdown$$00000003      0x20000136   Section        0  libshutdown2.o(.ARM.Collect$$libshutdown$$00000003)
    .ARM.Collect$$libshutdown$$00000006      0x20000136   Section        0  libshutdown2.o(.ARM.Collect$$libshutdown$$00000006)
    .ARM.Collect$$libshutdown$$00000009      0x20000136   Section        0  libshutdown2.o(.ARM.Collect$$libshutdown$$00000009)
    .ARM.Collect$$libshutdown$$0000000B      0x20000136   Section        0  libshutdown2.o(.ARM.Collect$$libshutdown$$0000000B)
    .ARM.Collect$$libshutdown$$0000000E      0x20000136   Section        0  libshutdown2.o(.ARM.Collect$$libshutdown$$0000000E)
    .ARM.Collect$$libshutdown$$0000000F      0x20000136   Section        2  libshutdown2.o(.ARM.Collect$$libshutdown$$0000000F)
    .ARM.Collect$$rtentry$$00000000          0x20000138   Section        0  rtentry.o(.ARM.Collect$$rtentry$$00000000)
    .ARM.Collect$$rtentry$$00000002          0x20000138   Section        0  rtentry2.o(.ARM.Collect$$rtentry$$00000002)
    .ARM.Collect$$rtentry$$00000004          0x20000138   Section        6  rtentry4.o(.ARM.Collect$$rtentry$$00000004)
    .ARM.Collect$$rtentry$$00000009          0x2000013e   Section        0  rtentry2.o(.ARM.Collect$$rtentry$$00000009)
    .ARM.Collect$$rtentry$$0000000A          0x2000013e   Section        4  rtentry2.o(.ARM.Collect$$rtentry$$0000000A)
    .ARM.Collect$$rtentry$$0000000C          0x20000142   Section        0  rtentry2.o(.ARM.Collect$$rtentry$$0000000C)
    .ARM.Collect$$rtentry$$0000000D          0x20000142   Section        8  rtentry2.o(.ARM.Collect$$rtentry$$0000000D)
    .ARM.Collect$$rtexit$$00000000           0x2000014a   Section        2  rtexit.o(.ARM.Collect$$rtexit$$00000000)
    .ARM.Collect$$rtexit$$00000002           0x2000014c   Section        0  rtexit2.o(.ARM.Collect$$rtexit$$00000002)
    .ARM.Collect$$rtexit$$00000003           0x2000014c   Section        4  rtexit2.o(.ARM.Collect$$rtexit$$00000003)
    .ARM.Collect$$rtexit$$00000004           0x20000150   Section        6  rtexit2.o(.ARM.Collect$$rtexit$$00000004)
    .emb_text                                0x20000158   Section       56  rt_memcpy.o(.emb_text)
    .text                                    0x20000190   Section        0  system_iris.o(.text)
    .text                                    0x20000194   Section       56  startup_hs100.o(.text)
    .text                                    0x200001cc   Section        0  uart_driver.o(.text)
    .text                                    0x20000308   Section        0  sys.o(.text)
    .text                                    0x2000035c   Section        0  gpio_driver.o(.text)
    .text                                    0x200003ec   Section        0  i2c0_driver.o(.text)
    .text                                    0x2000053c   Section        0  spi0_driver.o(.text)
    .text                                    0x2000065c   Section        0  pll_driver.o(.text)
    .text                                    0x200006b0   Section        0  i2c1_driver.o(.text)
    .text                                    0x20000828   Section        0  mipi_csi0_driver.o(.text)
    .text                                    0x2000090c   Section        0  ov2281_driver.o(.text)
    .text                                    0x20002480   Section        0  main.o(.text)
    .text                                    0x200025f0   Section        0  hs_dsp.o(.text)
    .text                                    0x20002af4   Section        0  protocol.o(.text)
    .text                                    0x20003364   Section        0  rt_memcpy.o(.text)
    .text                                    0x200033e6   Section        0  rt_memclr.o(.text)
    .text                                    0x20003426   Section        0  heapauxi.o(.text)
    .text                                    0x2000342c   Section       62  sys_stackheap_outer.o(.text)
    .text                                    0x2000346a   Section        0  exit.o(.text)
    .text                                    0x20003478   Section        8  libspace.o(.text)
    .text                                    0x20003480   Section        0  sys_exit.o(.text)
    .text                                    0x2000348c   Section        2  use_no_semi.o(.text)
    .text                                    0x2000348e   Section        0  indicate_semi.o(.text)
    i.__ARM_common_switch8                   0x2000348e   Section        0  uart_driver.o(i.__ARM_common_switch8)
    .data                                    0x20006000   Section        8  uart_driver.o(.data)
    .data                                    0x20006008   Section        2  i2c1_driver.o(.data)
    .data                                    0x2000600c   Section        6  ov2281_driver.o(.data)
    .data                                    0x20006014   Section        8  protocol.o(.data)
    .bss                                     0x2000601c   Section     2000  uart_driver.o(.bss)
    .bss                                     0x200067ec   Section     2000  protocol.o(.bss)
    .bss                                     0x20006fbc   Section       96  libspace.o(.bss)
    HEAP                                     0x20017000   Section     4096  startup_hs100.o(HEAP)
    Heap_Mem                                 0x20017000   Data        4096  startup_hs100.o(HEAP)
    STACK                                    0x20018000   Section     4080  startup_hs100.o(STACK)
    Stack_Mem                                0x20018000   Data        4080  startup_hs100.o(STACK)
    __initial_sp                             0x20018ff0   Data           0  startup_hs100.o(STACK)

    Global Symbols

    Symbol Name                              Value     Ov Type        Size  Object(Section)

    BuildAttributes$$THM_ISAv3M$S$PE$A:L22$X:L11$S22$IEEE1$IW$USESV6$~STKCKD$USESV7$~SHL$OSPACE$ROPI$EBA8$UX$STANDARDLIB$REQ8$PRES8$EABIv2 0x00000000   Number         0  anon$$obj.o ABSOLUTE
    __ARM_use_no_argv                        0x00000000   Number         0  main.o ABSOLUTE
    __ARM_exceptions_init                     - Undefined Weak Reference
    __alloca_initialize                       - Undefined Weak Reference
    __cpp_initialize__aeabi_                  - Undefined Weak Reference
    __cxa_finalize                            - Undefined Weak Reference
    __rt_locale                               - Undefined Weak Reference
    __sigvec_lookup                           - Undefined Weak Reference
    _atexit_init                              - Undefined Weak Reference
    _call_atexit_fns                          - Undefined Weak Reference
    _clock_init                               - Undefined Weak Reference
    _fp_trap_init                             - Undefined Weak Reference
    _fp_trap_shutdown                         - Undefined Weak Reference
    _get_lc_collate                           - Undefined Weak Reference
    _get_lc_ctype                             - Undefined Weak Reference
    _get_lc_monetary                          - Undefined Weak Reference
    _get_lc_numeric                           - Undefined Weak Reference
    _get_lc_time                              - Undefined Weak Reference
    _getenv_init                              - Undefined Weak Reference
    _handle_redirection                       - Undefined Weak Reference
    _init_alloc                               - Undefined Weak Reference
    _init_user_alloc                          - Undefined Weak Reference
    _initio                                   - Undefined Weak Reference
    _rand_init                                - Undefined Weak Reference
    _signal_finish                            - Undefined Weak Reference
    _signal_init                              - Undefined Weak Reference
    _terminate_alloc                          - Undefined Weak Reference
    _terminate_user_alloc                     - Undefined Weak Reference
    _terminateio                              - Undefined Weak Reference
    __Vectors_Size                           0x000000b0   Number         0  startup_hs100.o ABSOLUTE
    __Vectors                                0x20000000   Data           4  startup_hs100.o(RESET)
    __Vectors_End                            0x200000b0   Data           0  startup_hs100.o(RESET)
    __main                                   0x200000b1   Thumb Code     8  __main.o(!!!main)
    __scatterload                            0x200000b9   Thumb Code     0  __scatter.o(!!!scatter)
    __scatterload_rt2                        0x200000b9   Thumb Code    52  __scatter.o(!!!scatter)
    __scatterload_rt2_thumb_only             0x200000b9   Thumb Code     0  __scatter.o(!!!scatter)
    __scatterload_null                       0x200000c9   Thumb Code     0  __scatter.o(!!!scatter)
    __scatterload_copy                       0x200000f5   Thumb Code    26  __scatter_copy.o(!!handler_copy)
    __scatterload_zeroinit                   0x20000111   Thumb Code    28  __scatter_zi.o(!!handler_zi)
    __rt_lib_init                            0x2000012d   Thumb Code     0  libinit.o(.ARM.Collect$$libinit$$00000000)
    __rt_lib_init_fp_1                       0x2000012f   Thumb Code     0  libinit2.o(.ARM.Collect$$libinit$$00000001)
    __rt_lib_init_alloca_1                   0x20000133   Thumb Code     0  libinit2.o(.ARM.Collect$$libinit$$0000002C)
    __rt_lib_init_argv_1                     0x20000133   Thumb Code     0  libinit2.o(.ARM.Collect$$libinit$$0000002A)
    __rt_lib_init_atexit_1                   0x20000133   Thumb Code     0  libinit2.o(.ARM.Collect$$libinit$$00000019)
    __rt_lib_init_clock_1                    0x20000133   Thumb Code     0  libinit2.o(.ARM.Collect$$libinit$$0000001F)
    __rt_lib_init_cpp_1                      0x20000133   Thumb Code     0  libinit2.o(.ARM.Collect$$libinit$$00000030)
    __rt_lib_init_exceptions_1               0x20000133   Thumb Code     0  libinit2.o(.ARM.Collect$$libinit$$0000002E)
    __rt_lib_init_fp_trap_1                  0x20000133   Thumb Code     0  libinit2.o(.ARM.Collect$$libinit$$0000001D)
    __rt_lib_init_getenv_1                   0x20000133   Thumb Code     0  libinit2.o(.ARM.Collect$$libinit$$00000021)
    __rt_lib_init_heap_1                     0x20000133   Thumb Code     0  libinit2.o(.ARM.Collect$$libinit$$00000008)
    __rt_lib_init_lc_collate_1               0x20000133   Thumb Code     0  libinit2.o(.ARM.Collect$$libinit$$0000000F)
    __rt_lib_init_lc_ctype_1                 0x20000133   Thumb Code     0  libinit2.o(.ARM.Collect$$libinit$$00000011)
    __rt_lib_init_lc_monetary_1              0x20000133   Thumb Code     0  libinit2.o(.ARM.Collect$$libinit$$00000013)
    __rt_lib_init_lc_numeric_1               0x20000133   Thumb Code     0  libinit2.o(.ARM.Collect$$libinit$$00000015)
    __rt_lib_init_lc_time_1                  0x20000133   Thumb Code     0  libinit2.o(.ARM.Collect$$libinit$$00000017)
    __rt_lib_init_rand_1                     0x20000133   Thumb Code     0  libinit2.o(.ARM.Collect$$libinit$$0000000C)
    __rt_lib_init_return                     0x20000133   Thumb Code     0  libinit2.o(.ARM.Collect$$libinit$$00000031)
    __rt_lib_init_signal_1                   0x20000133   Thumb Code     0  libinit2.o(.ARM.Collect$$libinit$$0000001B)
    __rt_lib_init_stdio_1                    0x20000133   Thumb Code     0  libinit2.o(.ARM.Collect$$libinit$$00000023)
    __rt_lib_init_user_alloc_1               0x20000133   Thumb Code     0  libinit2.o(.ARM.Collect$$libinit$$0000000A)
    __rt_lib_shutdown                        0x20000135   Thumb Code     0  libshutdown.o(.ARM.Collect$$libshutdown$$00000000)
    __rt_lib_shutdown_fp_trap_1              0x20000137   Thumb Code     0  libshutdown2.o(.ARM.Collect$$libshutdown$$00000006)
    __rt_lib_shutdown_heap_1                 0x20000137   Thumb Code     0  libshutdown2.o(.ARM.Collect$$libshutdown$$0000000E)
    __rt_lib_shutdown_return                 0x20000137   Thumb Code     0  libshutdown2.o(.ARM.Collect$$libshutdown$$0000000F)
    __rt_lib_shutdown_signal_1               0x20000137   Thumb Code     0  libshutdown2.o(.ARM.Collect$$libshutdown$$00000009)
    __rt_lib_shutdown_stdio_1                0x20000137   Thumb Code     0  libshutdown2.o(.ARM.Collect$$libshutdown$$00000003)
    __rt_lib_shutdown_user_alloc_1           0x20000137   Thumb Code     0  libshutdown2.o(.ARM.Collect$$libshutdown$$0000000B)
    __rt_entry                               0x20000139   Thumb Code     0  rtentry.o(.ARM.Collect$$rtentry$$00000000)
    __rt_entry_presh_1                       0x20000139   Thumb Code     0  rtentry2.o(.ARM.Collect$$rtentry$$00000002)
    __rt_entry_sh                            0x20000139   Thumb Code     0  rtentry4.o(.ARM.Collect$$rtentry$$00000004)
    __rt_entry_li                            0x2000013f   Thumb Code     0  rtentry2.o(.ARM.Collect$$rtentry$$0000000A)
    __rt_entry_postsh_1                      0x2000013f   Thumb Code     0  rtentry2.o(.ARM.Collect$$rtentry$$00000009)
    __rt_entry_main                          0x20000143   Thumb Code     0  rtentry2.o(.ARM.Collect$$rtentry$$0000000D)
    __rt_entry_postli_1                      0x20000143   Thumb Code     0  rtentry2.o(.ARM.Collect$$rtentry$$0000000C)
    __rt_exit                                0x2000014b   Thumb Code     0  rtexit.o(.ARM.Collect$$rtexit$$00000000)
    __rt_exit_ls                             0x2000014d   Thumb Code     0  rtexit2.o(.ARM.Collect$$rtexit$$00000003)
    __rt_exit_prels_1                        0x2000014d   Thumb Code     0  rtexit2.o(.ARM.Collect$$rtexit$$00000002)
    __rt_exit_exit                           0x20000151   Thumb Code     0  rtexit2.o(.ARM.Collect$$rtexit$$00000004)
    __aeabi_memcpy4                          0x20000159   Thumb Code    56  rt_memcpy.o(.emb_text)
    __aeabi_memcpy8                          0x20000159   Thumb Code     0  rt_memcpy.o(.emb_text)
    SystemInit                               0x20000191   Thumb Code     2  system_iris.o(.text)
    Reset_Handler                            0x20000195   Thumb Code     8  startup_hs100.o(.text)
    NMI_Handler                              0x2000019d   Thumb Code     2  startup_hs100.o(.text)
    HardFault_Handler                        0x2000019f   Thumb Code     2  startup_hs100.o(.text)
    SVC_Handler                              0x200001a1   Thumb Code     2  startup_hs100.o(.text)
    PendSV_Handler                           0x200001a3   Thumb Code     2  startup_hs100.o(.text)
    SysTick_Handler                          0x200001a5   Thumb Code     2  startup_hs100.o(.text)
    CSI_IRQHandler                           0x200001a7   Thumb Code     0  startup_hs100.o(.text)
    TIM0_IRQHandler                          0x200001a7   Thumb Code     0  startup_hs100.o(.text)
    WDT0_IRQHandler                          0x200001a7   Thumb Code     0  startup_hs100.o(.text)
    __user_initial_stackheap                 0x200001a9   Thumb Code     0  startup_hs100.o(.text)
    hs_uart_init                             0x200001cd   Thumb Code   152  uart_driver.o(.text)
    hs_uart_send                             0x20000265   Thumb Code    20  uart_driver.o(.text)
    hs_uart_send_str                         0x20000279   Thumb Code    26  uart_driver.o(.text)
    UART0_IRQHandler                         0x20000293   Thumb Code   102  uart_driver.o(.text)
    CalCRC8                                  0x20000309   Thumb Code    60  sys.o(.text)
    delay                                    0x20000345   Thumb Code    18  sys.o(.text)
    GPIO_Init                                0x2000035d   Thumb Code    36  gpio_driver.o(.text)
    GPIO_SetBit                              0x20000381   Thumb Code    32  gpio_driver.o(.text)
    GPIO_ResetBit                            0x200003a1   Thumb Code    32  gpio_driver.o(.text)
    GPIO_ReadOutputDataBit                   0x200003c1   Thumb Code    32  gpio_driver.o(.text)
    GPIO0_IRQHandler                         0x200003e1   Thumb Code     2  gpio_driver.o(.text)
    i2c0_init                                0x200003ed   Thumb Code   114  i2c0_driver.o(.text)
    hs_i2c0_send                             0x2000045f   Thumb Code     8  i2c0_driver.o(.text)
    hs_i2c0_send_str                         0x20000467   Thumb Code    26  i2c0_driver.o(.text)
    I2C0_IRQHandler                          0x20000481   Thumb Code   166  i2c0_driver.o(.text)
    spi0_init                                0x2000053d   Thumb Code    40  spi0_driver.o(.text)
    spi0_init_tx                             0x20000565   Thumb Code    40  spi0_driver.o(.text)
    hs_spi0_send                             0x2000058d   Thumb Code    22  spi0_driver.o(.text)
    hs_spi0_send_str                         0x200005a3   Thumb Code    42  spi0_driver.o(.text)
    SPI0_IRQHandler                          0x200005cd   Thumb Code   124  spi0_driver.o(.text)
    pll_init                                 0x2000065d   Thumb Code    72  pll_driver.o(.text)
    i2c1_init                                0x200006b1   Thumb Code    58  i2c1_driver.o(.text)
    i2c1_wr_data                             0x200006eb   Thumb Code    88  i2c1_driver.o(.text)
    i2c1_wr_8data                            0x20000743   Thumb Code    60  i2c1_driver.o(.text)
    i2c1_rd_data                             0x2000077f   Thumb Code    76  i2c1_driver.o(.text)
    i2c1_rd_8data                            0x200007cb   Thumb Code    50  i2c1_driver.o(.text)
    I2C1_IRQHandler                          0x200007fd   Thumb Code    26  i2c1_driver.o(.text)
    mipi_csi0_init                           0x20000829   Thumb Code   208  mipi_csi0_driver.o(.text)
    CSI0_IRQHandler                          0x200008f9   Thumb Code     2  mipi_csi0_driver.o(.text)
    ov2281_init                              0x2000090d   Thumb Code  6890  ov2281_driver.o(.text)
    DSP2_IRQHandler                          0x200023f7   Thumb Code    94  ov2281_driver.o(.text)
    main                                     0x20002481   Thumb Code   310  main.o(.text)
    IrisEncoded                              0x200025f1   Thumb Code   250  hs_dsp.o(.text)
    IrisSaveTemplate                         0x200026eb   Thumb Code   110  hs_dsp.o(.text)
    IrisGetTemplate                          0x20002759   Thumb Code    94  hs_dsp.o(.text)
    IrisMatch                                0x200027b7   Thumb Code   130  hs_dsp.o(.text)
    IrisEraseOneTemp                         0x20002839   Thumb Code   124  hs_dsp.o(.text)
    IrisEraseAllTemp                         0x200028b5   Thumb Code   106  hs_dsp.o(.text)
    IrisDownloadTemp                         0x2000291f   Thumb Code   140  hs_dsp.o(.text)
    IrisUploadTemp                           0x200029ab   Thumb Code   150  hs_dsp.o(.text)
    IrisDownloadImag                         0x20002a41   Thumb Code    72  hs_dsp.o(.text)
    IrisUploadImag                           0x20002a89   Thumb Code    72  hs_dsp.o(.text)
    DSP1_IRQHandler                          0x20002ad1   Thumb Code    24  hs_dsp.o(.text)
    hs_data_send                             0x20002af5   Thumb Code     2  protocol.o(.text)
    hs_protocol                              0x20002af7   Thumb Code  2142  protocol.o(.text)
    __aeabi_memcpy                           0x20003365   Thumb Code   130  rt_memcpy.o(.text)
    __rt_memcpy                              0x20003365   Thumb Code     0  rt_memcpy.o(.text)
    _memset_w                                0x200033e7   Thumb Code    26  rt_memclr.o(.text)
    _memset                                  0x20003401   Thumb Code    30  rt_memclr.o(.text)
    __aeabi_memclr                           0x2000341f   Thumb Code     4  rt_memclr.o(.text)
    __rt_memclr                              0x2000341f   Thumb Code     0  rt_memclr.o(.text)
    __aeabi_memclr4                          0x20003423   Thumb Code     0  rt_memclr.o(.text)
    __aeabi_memclr8                          0x20003423   Thumb Code     0  rt_memclr.o(.text)
    __rt_memclr_w                            0x20003423   Thumb Code     4  rt_memclr.o(.text)
    __use_two_region_memory                  0x20003427   Thumb Code     2  heapauxi.o(.text)
    __rt_heap_escrow$2region                 0x20003429   Thumb Code     2  heapauxi.o(.text)
    __rt_heap_expand$2region                 0x2000342b   Thumb Code     2  heapauxi.o(.text)
    __user_setup_stackheap                   0x2000342d   Thumb Code    62  sys_stackheap_outer.o(.text)
    exit                                     0x2000346b   Thumb Code    12  exit.o(.text)
    __user_libspace                          0x20003479   Thumb Code     8  libspace.o(.text)
    __user_perproc_libspace                  0x20003479   Thumb Code     0  libspace.o(.text)
    __user_perthread_libspace                0x20003479   Thumb Code     0  libspace.o(.text)
    _sys_exit                                0x20003481   Thumb Code     8  sys_exit.o(.text)
    __I$use$semihosting                      0x2000348d   Thumb Code     0  use_no_semi.o(.text)
    __use_no_semihosting_swi                 0x2000348d   Thumb Code     2  use_no_semi.o(.text)
    __ARM_common_switch8                     0x2000348f   Thumb Code    28  uart_driver.o(i.__ARM_common_switch8)
    __semihosting_library_function           0x2000348f   Thumb Code     0  indicate_semi.o(.text)
    Region$$Table$$Base                      0x200034ac   Number         0  anon$$obj.o(Region$$Table)
    Region$$Table$$Limit                     0x200034ec   Number         0  anon$$obj.o(Region$$Table)
    gRxFlag                                  0x20006000   Data           1  uart_driver.o(.data)
    RX_NUM                                   0x20006004   Data           4  uart_driver.o(.data)
    data1                                    0x20006008   Data           1  i2c1_driver.o(.data)
    data2                                    0x20006009   Data           1  i2c1_driver.o(.data)
    shutter                                  0x2000600c   Data           4  ov2281_driver.o(.data)
    SensorReady                              0x20006010   Data           1  ov2281_driver.o(.data)
    frame                                    0x20006011   Data           1  ov2281_driver.o(.data)
    ret                                      0x20006014   Data           1  protocol.o(.data)
    CmdType                                  0x20006016   Data           2  protocol.o(.data)
    i                                        0x20006018   Data           4  protocol.o(.data)
    RxBuff                                   0x2000601c   Data        2000  uart_driver.o(.bss)
    Ack                                      0x200067ec   Data        2000  protocol.o(.bss)
    __libspace_start                         0x20006fbc   Data          96  libspace.o(.bss)
    __temporary_stack_top$libspace           0x2000701c   Data           0  libspace.o(.bss)



==============================================================================

Memory Map of the image

  Image Entry point : 0x200000b1

  Load Region LOAD_REGION (Base: 0x20000000, Size: 0x00003508, Max: 0xffffffff, ABSOLUTE)

    Execution Region CODE (Base: 0x20000000, Size: 0x000034ec, Max: 0xffffffff, ABSOLUTE)

    Base Addr    Size         Type   Attr      Idx    E Section Name        Object

    0x20000000   0x000000b0   Data   RO           20    RESET               startup_hs100.o
    0x200000b0   0x00000008   Code   RO          275  * !!!main             c_p.l(__main.o)
    0x200000b8   0x0000003c   Code   RO          431    !!!scatter          c_p.l(__scatter.o)
    0x200000f4   0x0000001a   Code   RO          433    !!handler_copy      c_p.l(__scatter_copy.o)
    0x2000010e   0x00000002   PAD
    0x20000110   0x0000001c   Code   RO          435    !!handler_zi        c_p.l(__scatter_zi.o)
    0x2000012c   0x00000002   Code   RO          303    .ARM.Collect$$libinit$$00000000  c_p.l(libinit.o)
    0x2000012e   0x00000004   Code   RO          310    .ARM.Collect$$libinit$$00000001  c_p.l(libinit2.o)
    0x20000132   0x00000000   Code   RO          314    .ARM.Collect$$libinit$$00000008  c_p.l(libinit2.o)
    0x20000132   0x00000000   Code   RO          316    .ARM.Collect$$libinit$$0000000A  c_p.l(libinit2.o)
    0x20000132   0x00000000   Code   RO          318    .ARM.Collect$$libinit$$0000000C  c_p.l(libinit2.o)
    0x20000132   0x00000000   Code   RO          321    .ARM.Collect$$libinit$$0000000F  c_p.l(libinit2.o)
    0x20000132   0x00000000   Code   RO          323    .ARM.Collect$$libinit$$00000011  c_p.l(libinit2.o)
    0x20000132   0x00000000   Code   RO          325    .ARM.Collect$$libinit$$00000013  c_p.l(libinit2.o)
    0x20000132   0x00000000   Code   RO          327    .ARM.Collect$$libinit$$00000015  c_p.l(libinit2.o)
    0x20000132   0x00000000   Code   RO          329    .ARM.Collect$$libinit$$00000017  c_p.l(libinit2.o)
    0x20000132   0x00000000   Code   RO          331    .ARM.Collect$$libinit$$00000019  c_p.l(libinit2.o)
    0x20000132   0x00000000   Code   RO          333    .ARM.Collect$$libinit$$0000001B  c_p.l(libinit2.o)
    0x20000132   0x00000000   Code   RO          335    .ARM.Collect$$libinit$$0000001D  c_p.l(libinit2.o)
    0x20000132   0x00000000   Code   RO          337    .ARM.Collect$$libinit$$0000001F  c_p.l(libinit2.o)
    0x20000132   0x00000000   Code   RO          339    .ARM.Collect$$libinit$$00000021  c_p.l(libinit2.o)
    0x20000132   0x00000000   Code   RO          341    .ARM.Collect$$libinit$$00000023  c_p.l(libinit2.o)
    0x20000132   0x00000000   Code   RO          345    .ARM.Collect$$libinit$$0000002A  c_p.l(libinit2.o)
    0x20000132   0x00000000   Code   RO          347    .ARM.Collect$$libinit$$0000002C  c_p.l(libinit2.o)
    0x20000132   0x00000000   Code   RO          349    .ARM.Collect$$libinit$$0000002E  c_p.l(libinit2.o)
    0x20000132   0x00000000   Code   RO          351    .ARM.Collect$$libinit$$00000030  c_p.l(libinit2.o)
    0x20000132   0x00000002   Code   RO          352    .ARM.Collect$$libinit$$00000031  c_p.l(libinit2.o)
    0x20000134   0x00000002   Code   RO          372    .ARM.Collect$$libshutdown$$00000000  c_p.l(libshutdown.o)
    0x20000136   0x00000000   Code   RO          386    .ARM.Collect$$libshutdown$$00000003  c_p.l(libshutdown2.o)
    0x20000136   0x00000000   Code   RO          389    .ARM.Collect$$libshutdown$$00000006  c_p.l(libshutdown2.o)
    0x20000136   0x00000000   Code   RO          392    .ARM.Collect$$libshutdown$$00000009  c_p.l(libshutdown2.o)
    0x20000136   0x00000000   Code   RO          394    .ARM.Collect$$libshutdown$$0000000B  c_p.l(libshutdown2.o)
    0x20000136   0x00000000   Code   RO          397    .ARM.Collect$$libshutdown$$0000000E  c_p.l(libshutdown2.o)
    0x20000136   0x00000002   Code   RO          398    .ARM.Collect$$libshutdown$$0000000F  c_p.l(libshutdown2.o)
    0x20000138   0x00000000   Code   RO          277    .ARM.Collect$$rtentry$$00000000  c_p.l(rtentry.o)
    0x20000138   0x00000000   Code   RO          279    .ARM.Collect$$rtentry$$00000002  c_p.l(rtentry2.o)
    0x20000138   0x00000006   Code   RO          291    .ARM.Collect$$rtentry$$00000004  c_p.l(rtentry4.o)
    0x2000013e   0x00000000   Code   RO          281    .ARM.Collect$$rtentry$$00000009  c_p.l(rtentry2.o)
    0x2000013e   0x00000004   Code   RO          282    .ARM.Collect$$rtentry$$0000000A  c_p.l(rtentry2.o)
    0x20000142   0x00000000   Code   RO          284    .ARM.Collect$$rtentry$$0000000C  c_p.l(rtentry2.o)
    0x20000142   0x00000008   Code   RO          285    .ARM.Collect$$rtentry$$0000000D  c_p.l(rtentry2.o)
    0x2000014a   0x00000002   Code   RO          308    .ARM.Collect$$rtexit$$00000000  c_p.l(rtexit.o)
    0x2000014c   0x00000000   Code   RO          354    .ARM.Collect$$rtexit$$00000002  c_p.l(rtexit2.o)
    0x2000014c   0x00000004   Code   RO          355    .ARM.Collect$$rtexit$$00000003  c_p.l(rtexit2.o)
    0x20000150   0x00000006   Code   RO          356    .ARM.Collect$$rtexit$$00000004  c_p.l(rtexit2.o)
    0x20000156   0x00000002   PAD
    0x20000158   0x00000038   Code   RO          267    .emb_text           c_p.l(rt_memcpy.o)
    0x20000190   0x00000002   Code   RO            1    .text               system_iris.o
    0x20000192   0x00000002   PAD
    0x20000194   0x00000038   Code   RO           21    .text               startup_hs100.o
    0x200001cc   0x0000013c   Code   RO           26    .text               uart_driver.o
    0x20000308   0x00000054   Code   RO           83    .text               sys.o
    0x2000035c   0x00000090   Code   RO           95    .text               gpio_driver.o
    0x200003ec   0x00000150   Code   RO          110    .text               i2c0_driver.o
    0x2000053c   0x00000120   Code   RO          129    .text               spi0_driver.o
    0x2000065c   0x00000054   Code   RO          145    .text               pll_driver.o
    0x200006b0   0x00000178   Code   RO          157    .text               i2c1_driver.o
    0x20000828   0x000000e4   Code   RO          172    .text               mipi_csi0_driver.o
    0x2000090c   0x00001b74   Code   RO          187    .text               ov2281_driver.o
    0x20002480   0x00000170   Code   RO          202    .text               main.o
    0x200025f0   0x00000504   Code   RO          235    .text               hs_dsp.o
    0x20002af4   0x00000870   Code   RO          248    .text               protocol.o
    0x20003364   0x00000082   Code   RO          268    .text               c_p.l(rt_memcpy.o)
    0x200033e6   0x00000040   Code   RO          271    .text               c_p.l(rt_memclr.o)
    0x20003426   0x00000006   Code   RO          273    .text               c_p.l(heapauxi.o)
    0x2000342c   0x0000003e   Code   RO          293    .text               c_p.l(sys_stackheap_outer.o)
    0x2000346a   0x0000000c   Code   RO          296    .text               c_p.l(exit.o)
    0x20003476   0x00000002   PAD
    0x20003478   0x00000008   Code   RO          304    .text               c_p.l(libspace.o)
    0x20003480   0x0000000c   Code   RO          364    .text               c_p.l(sys_exit.o)
    0x2000348c   0x00000002   Code   RO          375    .text               c_p.l(use_no_semi.o)
    0x2000348e   0x00000000   Code   RO          377    .text               c_p.l(indicate_semi.o)
    0x2000348e   0x0000001c   Code   RO           39    i.__ARM_common_switch8  uart_driver.o
    0x200034aa   0x00000002   PAD
    0x200034ac   0x00000040   Data   RO          429    Region$$Table       anon$$obj.o


    Execution Region DATA (Base: 0x20006000, Size: 0x0000101c, Max: 0x00010000, ABSOLUTE)

    Base Addr    Size         Type   Attr      Idx    E Section Name        Object

    0x20006000   0x00000008   Data   RW           28    .data               uart_driver.o
    0x20006008   0x00000002   Data   RW          158    .data               i2c1_driver.o
    0x2000600a   0x00000002   PAD
    0x2000600c   0x00000006   Data   RW          188    .data               ov2281_driver.o
    0x20006012   0x00000002   PAD
    0x20006014   0x00000008   Data   RW          250    .data               protocol.o
    0x2000601c   0x000007d0   Zero   RW           27    .bss                uart_driver.o
    0x200067ec   0x000007d0   Zero   RW          249    .bss                protocol.o
    0x20006fbc   0x00000060   Zero   RW          305    .bss                c_p.l(libspace.o)


    Execution Region HEAP (Base: 0x20017000, Size: 0x00001000, Max: 0x00001000, ABSOLUTE)

    Base Addr    Size         Type   Attr      Idx    E Section Name        Object

    0x20017000   0x00001000   Zero   RW           19    HEAP                startup_hs100.o


    Execution Region STACK (Base: 0x20018000, Size: 0x00000ff0, Max: 0x00000ff0, ABSOLUTE)

    Base Addr    Size         Type   Attr      Idx    E Section Name        Object

    0x20018000   0x00000ff0   Zero   RW           18    STACK               startup_hs100.o


==============================================================================

Image component sizes


      Code (inc. data)   RO Data    RW Data    ZI Data      Debug   Object Name

         0          0          0          0          0      10152   ar0237_driver.o
       144         10          0          0          0       1590   gpio_driver.o
      1284         24          0          0          0       4009   hs_dsp.o
       336         22          0          0          0       1870   i2c0_driver.o
       376         18          0          2          0       1884   i2c1_driver.o
       368         58          0          0          0        615   main.o
       228         18          0          0          0        793   mipi_csi0_driver.o
      7028        180          0          6          0       3826   ov2281_driver.o
        84         12          0          0          0        507   pll_driver.o
      2160         82          0          8       2000       3077   protocol.o
       288         20          0          0          0       1923   spi0_driver.o
        56         26        176          0       8176        676   startup_hs100.o
        84          6          0          0          0       1180   sys.o
         2          0          0          0          0       1889   system_iris.o
       344         28          0          8       2000       5398   uart_driver.o

    ----------------------------------------------------------------------
     12786        504        240         28      12176      39389   Object Totals
         0          0         64          0          0          0   (incl. Generated)
         4          0          0          4          0          0   (incl. Padding)

    ----------------------------------------------------------------------

      Code (inc. data)   RO Data    RW Data    ZI Data      Debug   Library Member Name

         8          0          0          0          0         68   __main.o
        60          8          0          0          0          0   __scatter.o
        26          0          0          0          0          0   __scatter_copy.o
        28          0          0          0          0          0   __scatter_zi.o
        12          0          0          0          0         64   exit.o
         6          0          0          0          0        136   heapauxi.o
         0          0          0          0          0          0   indicate_semi.o
         2          0          0          0          0          0   libinit.o
         6          0          0          0          0          0   libinit2.o
         2          0          0          0          0          0   libshutdown.o
         2          0          0          0          0          0   libshutdown2.o
         8          4          0          0         96         68   libspace.o
        64          0          0          0          0        108   rt_memclr.o
       186          0          0          0          0        144   rt_memcpy.o
         0          0          0          0          0          0   rtentry.o
        12          0          0          0          0          0   rtentry2.o
         6          0          0          0          0          0   rtentry4.o
         2          0          0          0          0          0   rtexit.o
        10          0          0          0          0          0   rtexit2.o
        12          4          0          0          0         60   sys_exit.o
        62          0          0          0          0         80   sys_stackheap_outer.o
         2          0          0          0          0         68   use_no_semi.o

    ----------------------------------------------------------------------
       522         16          0          0         96        796   Library Totals
         6          0          0          0          0          0   (incl. Padding)

    ----------------------------------------------------------------------

      Code (inc. data)   RO Data    RW Data    ZI Data      Debug   Library Name

       516         16          0          0         96        796   c_p.l

    ----------------------------------------------------------------------
       522         16          0          0         96        796   Library Totals

    ----------------------------------------------------------------------

==============================================================================


      Code (inc. data)   RO Data    RW Data    ZI Data      Debug   

     13308        520        240         28      12272      39029   Grand Totals
     13308        520        240         28      12272      39029   ELF Image Totals
     13308        520        240         28          0          0   ROM Totals

==============================================================================

    Total RO  Size (Code + RO Data)                13548 (  13.23kB)
    Total RW  Size (RW Data + ZI Data)             12300 (  12.01kB)
    Total ROM Size (Code + RO Data + RW Data)      13576 (  13.26kB)

==============================================================================

