<html>
<body>
<pre>
<h1>µVision Build Log</h1>
<h2>Project:</h2>
C:\Users\Administrator\Desktop\bootloader—È÷§\src\test_app\project\test_app.uvproj
Project File Date:  03/20/2018

<h2>Output:</h2>
Rebuild target 'test_app'
compiling system_iris.c...
assembling startup_hs100.s...
compiling main.c...
linking...
Program Size: Code=368 RO-data=192 RW-data=0 ZI-data=8288  
FromELF: creating hex file...
"..\output\test_app.axf" - 0 Error(s), 0 Warning(s).
g main.c...
linking...
Program Size: Code=368 RO-data=192 RW-data=0 ZI-data=8288  
FromELF: creating hex file...
"..\output\test_app.axf" - 0 Error(s), 1 Warning(s).
No such file or directory
Not enough information to list image symbols.
Not enough information to list the image map.
Finished: 2 information, 0 warning, 0 error and 1 fatal error messages.
".\test_app.axf" - 1 Error(s), 1 Warning(s).
Target not created
Clean started: Project: 'test_app'
   deleting intermediate output files for target 'test_app'
